\BOOKMARK [1][-]{cover.1}{\376\377\134\001\000\040\227\142}{}% 1
\BOOKMARK [1][-]{title.1}{\376\377\150\007\000\040\230\230}{}% 2
\BOOKMARK [1][-]{contents.1}{\376\377\166\356\000\040\137\125}{}% 3
\BOOKMARK [1][-]{section.1}{\376\377\0001\000\040\225\356\230\230\221\315\217\360}{}% 4
\BOOKMARK [2][-]{subsection.1.1}{\376\377\0001\000.\0001\000\040\137\025\212\000}{section.1}% 5
\BOOKMARK [2][-]{subsection.1.2}{\376\377\0001\000.\0002\000\040\225\356\230\230\166\204\143\320\121\372}{section.1}% 6
\BOOKMARK [1][-]{section.2}{\376\377\0002\000\040\152\041\127\213\166\204\120\107\213\276}{}% 7
\BOOKMARK [1][-]{section.3}{\376\377\0003\000\040\173\046\123\367\213\364\146\016}{}% 8
\BOOKMARK [1][-]{section.4}{\376\377\0004\000\040\152\041\127\213\166\204\136\372\172\313}{}% 9
\BOOKMARK [2][-]{subsection.4.1}{\376\377\0004\000.\0001\000\040\225\356\230\230\116\000\122\006\147\220}{section.4}% 10
\BOOKMARK [2][-]{subsection.4.2}{\376\377\0004\000.\0002\000\040\173\227\154\325\171\072\117\213}{section.4}% 11
\BOOKMARK [1][-]{section.5}{\376\377\0005\000\040\145\160\143\156\131\004\164\006\116\016\123\357\211\306\123\026\122\006\147\220}{}% 12
\BOOKMARK [2][-]{subsection.5.1}{\376\377\0005\000.\0001\000\040\145\160\143\156\147\145\156\220\116\016\145\160\143\156\122\006\147\220}{section.5}% 13
\BOOKMARK [2][-]{subsection.5.2}{\376\377\0005\000.\0002\000\040\202\052\153\265\121\340\117\125\377\032\215\335\171\273\060\001\120\317\121\103\220\115\123\206\116\016\135\341\202\052\155\167\142\324}{section.5}% 14
\BOOKMARK [2][-]{subsection.5.3}{\376\377\0005\000.\0003\000\040\227\000\154\102\116\016\221\115\220\001\145\366\226\120\176\323\147\204}{section.5}% 15
\BOOKMARK [1][-]{section.6}{\376\377\0006\000\040\225\356\230\230\116\000\377\032\123\125\160\271\137\200\217\324\217\320\217\223\200\375\122\233\116\016\215\047\173\261\176\304\142\171\152\041\127\213}{}% 16
\BOOKMARK [2][-]{subsection.6.1}{\376\377\0006\000.\0001\000\040\225\356\230\230\122\006\147\220}{section.6}% 17
\BOOKMARK [2][-]{subsection.6.2}{\376\377\0006\000.\0002\000\040\116\011\226\066\153\265\230\336\210\114\145\366\225\364\116\016\200\375\200\027\152\041\127\213}{section.6}% 18
\BOOKMARK [2][-]{subsection.6.3}{\376\377\0006\000.\0003\000\040\147\000\131\047\133\211\121\150\217\175\203\167}{section.6}% 19
\BOOKMARK [2][-]{subsection.6.4}{\376\377\0006\000.\0004\000\040\215\047\173\261\176\304\142\171\166\204\174\276\170\156\131\032\166\356\150\007\122\250\140\001\211\304\122\022}{section.6}% 20
\BOOKMARK [2][-]{subsection.6.5}{\376\377\0006\000.\0005\000\040\176\304\142\171\176\323\147\234\116\016\116\011\143\007\150\007\147\103\210\141}{section.6}% 21
\BOOKMARK [2][-]{subsection.6.6}{\376\377\0006\000.\0006\000\040\217\324\202\052\133\211\121\150\117\131\221\317\166\204\145\117\141\037\140\047\122\006\147\220}{section.6}% 22
\BOOKMARK [1][-]{section.7}{\376\377\0007\000\040\225\356\230\230\116\214\377\032\137\002\147\204\145\340\116\272\147\072\131\032\160\271\131\032\147\266\153\041\217\320\217\223\214\003\136\246\152\041\127\213}{}% 23
\BOOKMARK [2][-]{subsection.7.1}{\376\377\0007\000.\0001\000\040\225\356\230\230\122\006\147\220}{section.7}% 24
\BOOKMARK [2][-]{subsection.7.2}{\376\377\0007\000.\0002\000\040\131\032\160\271\147\266\153\041\166\204\145\366\225\364\217\164\060\001\220\001\217\276\145\366\122\073\116\016\165\065\154\140\124\150\217\154}{section.7}% 25
\BOOKMARK [2][-]{subsection.7.3}{\376\377\0007\000.\0003\000\040\123\312\145\366\140\047\143\007\150\007\116\016\126\333\143\007\150\007\221\317\123\026}{section.7}% 26
\BOOKMARK [2][-]{subsection.7.4}{\376\377\0007\000.\0004\000\040\145\164\145\160\211\304\122\022\210\150\217\360\116\016\154\102\211\343\150\106\147\266}{section.7}% 27
\BOOKMARK [2][-]{subsection.7.5}{\376\377\0007\000.\0005\000\040\122\027\210\150\214\003\136\246\211\343\170\001\126\150\116\016\201\352\220\002\136\224\131\047\230\206\127\337\144\034\175\042}{section.7}% 28
\BOOKMARK [2][-]{subsection.7.6}{\376\377\0007\000.\0006\000\040\143\250\203\120\145\271\150\110\116\016\176\323\147\234\122\006\147\220}{section.7}% 29
\BOOKMARK [2][-]{subsection.7.7}{\376\377\0007\000.\0007\000\040\126\333\143\007\150\007\147\103\210\141\116\016\123\357\210\114\140\047\150\300\232\214}{section.7}% 30
\BOOKMARK [1][-]{section.8}{\376\377\0008\000\040\225\356\230\230\116\011\377\032\220\032\117\341\176\246\147\137\116\013\166\204\217\320\217\223\116\016\116\055\176\347\200\124\124\010\214\003\136\246\152\041\127\213}{}% 31
\BOOKMARK [2][-]{subsection.8.1}{\376\377\0008\000.\0001\000\040\225\356\230\230\122\006\147\220}{section.8}% 32
\BOOKMARK [2][-]{subsection.8.2}{\376\377\0008\000.\0002\000\040\224\376\215\357\230\204\173\227\116\016\211\206\166\326\123\112\137\204}{section.8}% 33
\BOOKMARK [2][-]{subsection.8.3}{\376\377\0008\000.\0003\000\040\166\364\217\336\220\032\140\047\166\362\123\072\122\006\147\220\377\010\172\172\225\364\134\102\000\040\000I\377\011}{section.8}% 34
\BOOKMARK [2][-]{subsection.8.4}{\376\377\0008\000.\0004\000\040\116\055\176\347\172\331\220\011\127\100\377\010\172\172\225\364\134\102\000\040\000I\000I\377\011}{section.8}% 35
\BOOKMARK [2][-]{subsection.8.5}{\376\377\0008\000.\0005\000\040\145\366\225\364\134\102\377\032\116\055\176\347\227\000\154\102\123\072\225\364\116\016\200\124\124\010\122\027\210\150\214\003\136\246}{section.8}% 36
\BOOKMARK [2][-]{subsection.8.6}{\376\377\0008\000.\0006\000\040\143\250\203\120\200\124\124\010\145\271\150\110\116\016\176\323\147\234\122\006\147\220}{section.8}% 37
\BOOKMARK [2][-]{subsection.8.7}{\376\377\0008\000.\0007\000\040\200\124\124\010\126\333\143\007\150\007\147\103\210\141\116\016\220\032\117\341\116\343\116\367}{section.8}% 38
\BOOKMARK [1][-]{section.9}{\376\377\0009\000\040\225\356\230\230\126\333\377\032\145\121\143\364\116\373\122\241\122\006\123\072\116\016\215\104\156\220\221\115\177\156\152\041\127\213}{}% 39
\BOOKMARK [2][-]{subsection.9.1}{\376\377\0009\000.\0001\000\040\225\356\230\230\122\006\147\220}{section.9}% 40
\BOOKMARK [2][-]{subsection.9.2}{\376\377\0009\000.\0002\000\040\123\237\133\120\142\147\210\114\123\125\121\103}{section.9}% 41
\BOOKMARK [2][-]{subsection.9.3}{\376\377\0009\000.\0003\000\040\126\372\133\232\145\366\136\217\116\013\166\204\215\104\156\220\227\000\154\102\377\032\123\072\225\364\126\376\167\100\202\162}{section.9}% 42
\BOOKMARK [2][-]{subsection.9.4}{\376\377\0009\000.\0004\000\040\122\006\123\072\213\304\116\367\143\007\150\007\116\016\147\232\116\076\176\323\147\234}{section.9}% 43
\BOOKMARK [2][-]{subsection.9.5}{\376\377\0009\000.\0005\000\040\143\250\203\120\122\006\123\072\166\204\215\104\156\220\221\115\177\156\145\271\150\110}{section.9}% 44
\BOOKMARK [2][-]{subsection.9.6}{\376\377\0009\000.\0006\000\040\217\324\202\052\133\211\121\150\117\131\221\317\166\204\145\117\141\037\140\047\122\006\147\220}{section.9}% 45
\BOOKMARK [2][-]{subsection.9.7}{\376\377\0009\000.\0007\000\040\226\104\122\240\122\006\147\220\377\032\136\163\171\373\147\266\153\041\123\357\155\210\211\343\166\204\177\072\123\343}{section.9}% 46
\BOOKMARK [2][-]{subsection.9.8}{\376\377\0009\000.\0008\000\040\147\054\172\340\134\017\202\202}{section.9}% 47
\BOOKMARK [1][-]{section.10}{\376\377\0001\0000\000\040\152\041\127\213\150\300\232\214\116\016\145\117\141\037\140\047\122\006\147\220\154\107\140\073}{}% 48
\BOOKMARK [2][-]{subsection.10.1}{\376\377\0001\0000\000.\0001\000\040\121\154\121\161\145\340\122\233\211\304\122\031\166\204\116\000\201\364\140\047\150\300\232\214}{section.10}% 49
\BOOKMARK [2][-]{subsection.10.2}{\376\377\0001\0000\000.\0002\000\040\145\271\150\110\123\357\210\114\140\047\150\300\232\214}{section.10}% 50
\BOOKMARK [1][-]{section*.47}{\376\377\123\302\200\003\145\207\163\056}{}% 51
\BOOKMARK [1][-]{appendix.1.A}{\376\377\226\104\137\125\000\040\000A\000\040\000M\000A\000T\000L\000A\000B\000\040\156\220\172\013\136\217}{}% 52
\BOOKMARK [2][-]{subsection.1.A.1}{\376\377\000A\000.\0001\000\040\173\054\0001\225\356\172\013\136\217}{appendix.1.A}% 53
\BOOKMARK [1][-]{appendix.1.B}{\376\377\226\104\137\125\000\040\000B\000\040\000P\000y\000t\000h\000o\000n\000\040\156\220\172\013\136\217}{}% 54
\BOOKMARK [2][-]{subsection.1.B.1}{\376\377\000B\000.\0001\000\040\173\054\0002\225\356\172\013\136\217}{appendix.1.B}% 55
