reserve 0.05 complete True
reserve 0.06 complete True
reserve 0.07 complete True
reserve 0.08 complete True
reserve 0.09 complete True
reserve 0.1 complete True
reserve 0.11 complete True
reserve 0.12 complete True
reserve 0.13 complete True
reserve 0.14 complete True
reserve 0.15 complete True
reserve 0.16 complete True
reserve 0.17 complete True
reserve 0.18 complete True
reserve 0.19 complete True
reserve 0.2 complete True
reserve 0.21 complete True
reserve 0.22 complete True
reserve 0.23 complete True
reserve 0.24 complete True
reserve 0.25 complete True
reserve 0.26 complete True
reserve 0.27 complete True
reserve 0.28 complete True
reserve 0.29 complete True
reserve 0.3 complete True
reserve 0.31 complete True
reserve 0.32 complete True
reserve 0.33 complete True
reserve 0.34 complete True
reserve 0.35 complete True
reserve 0.36 complete False
reserve 0.37 complete False
reserve 0.38 complete False
reserve 0.39 complete False
reserve 0.4 complete False
reserve 0.41 complete False
reserve 0.42 complete False
reserve 0.43 complete False
reserve 0.44 complete False
reserve 0.45 complete False
{
  "ideal": [
    18.0,
    59.0339425635166,
    32776.01587845865
  ],
  "pareto_points": [
    [
      18.0,
      59.131296494139775,
      32776.01587845865
    ],
    [
      19.0,
      59.0339425635166,
      34439.97754141387
    ]
  ],
  "recommended_rule": "R3 / TNE",
  "rho_star": 0.3526780660929253,
  "critical_boxes": [
    "S008-WAT-01",
    "S008-WAT-02"
  ],
  "delta_T_minus_E": [
    -1.0,
    0.09735393062317854,
    -1663.9616629552183
  ],
  "weighted_boundary": {
    "aN": 0.05555555555555555,
    "bE": 0.0016491178870263017,
    "cT": 0.050767660997162935,
    "energy_weight_when_N_T_equal": 0.9699124970154483
  },
  "n_boxes": 80,
  "total_mass": 758.0,
  "total_volume": 2.011,
  "runtime_s": 4.194785118103027,
  "python": "3.10.21",
  "source_notebook_sha256": "19af948ccef5220c636f217cd6c769987457f59a7a0b1a8e8f3b5fa0bded9ed7"
}
